// Jest Snapshot v1, https://goo.gl/fbAQLP

exports[`environment > App renders without crashing 1`] = `
<DocumentFragment>
  <div
    class="container"
  >
    <div
      class="simpleAvatar"
    >
      <h2
        class="header"
      >
        SimpleAvatar
      </h2>
      <button
        class="button"
        type="button"
      >
        Increment by one
      </button>
      <div>
        Total value: 
        <strong>
          0
        </strong>
      </div>
    </div>
    <img
      src=""
      style="height: 200px; width: 200px;"
    />
  </div>
</DocumentFragment>
`;
