// Jest Snapshot v1, https://goo.gl/fbAQLP

exports[`components > ImagePlaceholder renders properly 1`] = `
<DocumentFragment>
  <div
    class="container"
  >
    Image generation...
  </div>
</DocumentFragment>
`;

exports[`lib > ConfigWithSeed renders without crashing 1`] = `
<DocumentFragment>
  <div
    class="container"
  >
    Image generation...
  </div>
</DocumentFragment>
`;
